// Jest Snapshot v1, https://goo.gl/fbAQLP

exports[`SugarValue renders glucose value 1`] = `
<div
  class="main-sugar-display"
>
  <span
    class="sugar"
  >
    123
  </span>
  <span
    class="direction"
  >
    →
  </span>
</div>
`;

exports[`SugarValue renders with no value given 1`] = `
<div
  class="main-sugar-display"
>
  <span
    class="sugar"
  >
    0
  </span>
  <span
    class="direction"
  >
    ⇼
  </span>
</div>
`;
